// Jest Snapshot v1, https://goo.gl/fbAQLP

exports[`ConfirmDeletionDialog Component should render component 1`] = `
<body
  style="padding-right: 1024px; overflow: hidden;"
>
  <div
    aria-hidden="true"
  />
  <div
    class="MuiDialog-root MuiModal-root css-zw3mfo-MuiModal-root-MuiDialog-root"
    role="presentation"
  >
    <div
      aria-hidden="true"
      class="MuiBackdrop-root MuiModal-backdrop css-yiavyu-MuiBackdrop-root-MuiDialog-backdrop"
      style="opacity: 1; webkit-transition: opacity 225ms cubic-bezier(0.4, 0, 0.2, 1) 0ms; transition: opacity 225ms cubic-bezier(0.4, 0, 0.2, 1) 0ms;"
    />
    <div
      data-testid="sentinelStart"
      tabindex="0"
    />
    <div
      class="MuiDialog-container MuiDialog-scrollPaper css-hz1bth-MuiDialog-container"
      role="presentation"
      style="opacity: 1; webkit-transition: opacity 225ms cubic-bezier(0.4, 0, 0.2, 1) 0ms; transition: opacity 225ms cubic-bezier(0.4, 0, 0.2, 1) 0ms;"
      tabindex="-1"
    >
      <div
        aria-labelledby="confirm-deletion-title"
        class="MuiPaper-root MuiPaper-elevation MuiPaper-rounded MuiPaper-elevation24 MuiDialog-paper MuiDialog-paperScrollPaper MuiDialog-paperWidthSm css-1t1j96h-MuiPaper-root-MuiDialog-paper"
        role="dialog"
      >
        <h2
          class="MuiTypography-root MuiTypography-h6 MuiDialogTitle-root css-bdhsul-MuiTypography-root-MuiDialogTitle-root"
          id="confirm-deletion-title"
        >
          Confirm deletion
        </h2>
        <div
          class="MuiDialogContent-root css-ypiqx9-MuiDialogContent-root"
        >
          <p
            class="MuiTypography-root MuiDialogContentText-root MuiTypography-body1 MuiDialogContentText-root css-qfso29-MuiTypography-root-MuiDialogContentText-root"
          >
            Do you really want to delete 
            featureflag
             
            ft-user-forgot-password
            ?
          </p>
        </div>
        <div
          class="MuiDialogActions-root MuiDialogActions-spacing css-knqc4i-MuiDialogActions-root"
        >
          <button
            class="MuiButtonBase-root MuiButton-root MuiButton-text Mui-focusVisible Mui-focusVisible"
            tabindex="0"
            type="button"
          >
            <span
              class="MuiButton-label"
            >
              Cancel
            </span>
            <span
              class="MuiTouchRipple-root"
            >
              <span
                class="MuiTouchRipple-ripple MuiTouchRipple-rippleVisible MuiTouchRipple-ripplePulsate"
                style="width: 1px; height: 1px; top: -0.5px; left: -0.5px;"
              >
                <span
                  class="MuiTouchRipple-child MuiTouchRipple-childPulsate"
                />
              </span>
            </span>
          </button>
          <button
            class="MuiButtonBase-root MuiButton-root MuiButton-text Mui-focusVisible Mui-focusVisible"
            tabindex="0"
            type="button"
          >
            <span
              class="MuiButton-label"
            >
              Delete
            </span>
            <span
              class="MuiTouchRipple-root"
            >
              <span
                class="MuiTouchRipple-ripple MuiTouchRipple-rippleVisible MuiTouchRipple-ripplePulsate"
                style="width: 1px; height: 1px; top: -0.5px; left: -0.5px;"
              >
                <span
                  class="MuiTouchRipple-child MuiTouchRipple-childPulsate"
                />
              </span>
            </span>
          </button>
        </div>
      </div>
    </div>
    <div
      data-testid="sentinelEnd"
      tabindex="0"
    />
  </div>
</body>
`;
